lib/bait/tests/inout_error/array/expr_init.in.bt:1:8 error: expected element type string, got i32
lib/bait/tests/inout_error/array/expr_init.in.bt:1:8 error: expected element type string, got bool
