tests/out/error/loop/label_not_exists.in.bt:2:2 error: label "my_label" not found
