tests/out/error/parser/bad_interface.in.bt:2:15 error: unexpected string, expecting name
