tests/out/error/fun/missing_return.in.bt:1:0 error: missing return statement
