tests/out/error/fun/param_assign.in.bt:2:4 error: cannot assign to immutable variable "a"
