tests/out/error/redef/const.in.bt:3:1 error: redefinition of foo
