tests/out/error/assert/no_bool.in.bt:1:9 error: assert must be of type bool
