lib/bait/tests/inout_error/struct_init.in.bt:2:17 error: default value not matches field type i32
lib/bait/tests/inout_error/struct_init.in.bt:5:12 error: struct FooBar has no field spam_eggs
