tests/out/error/other/deprecation.in.bt:10:4 note: function "foo" is deprecated
tests/out/error/other/deprecation.in.bt:14:4 note: function "baz" is deprecated; custom message 2
tests/out/error/other/deprecation.in.bt:15:4 note: function "foo" is deprecated
tests/out/error/other/deprecation.in.bt:16:4 note: function "bar" will be deprecated after 2345-12-31; custom message
