tests/out/error/other/infix_type_mismatch.in.bt:1:13 error: infix expr: types string and i32 do not match
