tests/out/error/other/method_redefinition.in.bt:5:29 error: Method "mymethod" already exists on type "Foo"
