tests/out/error/other/unexpected_token.in.bt:2:2 error: invalid expression: kind = lcur
