lib/bait/tests/inout/assert.in.bt:1:16 error: assert must be of type bool
