lib/bait/tests/inout/backend_warning.in.bt:1:20 warning: JS code can only be used in .js.bt files
