tests/out/error/struct/decl.in.bt:3:1 error: duplicate field name foo
