tests/out/error/var/is_immutable.in.bt:2:3 error: cannot assign to immutable variable "x"
