tests/out/error/infix/type_mismatch.in.bt:1:12 error: infix expr: types string and i32 do not match
